C51 COMPILER V9.60.7.0   TIMER_ISR                                                         06/01/2024 10:58:31 PAGE 1   


C51 COMPILER V9.60.7.0, COMPILATION OF MODULE TIMER_ISR
OBJECT MODULE PLACED IN .\Objects\Timer_Isr.obj
COMPILER INVOKED BY: C:\Keil_v5\C51\BIN\C51.EXE Timer_Isr.c OPTIMIZE(8,SPEED) BROWSE DEBUG OBJECTEXTEND PRINT(.\Listings
                    -\Timer_Isr.lst) TABS(2) OBJECT(.\Objects\Timer_Isr.obj)

line level    source

   1          /*---------------------------------------------------------------------*/
   2          /* --- STC MCU Limited ------------------------------------------------*/
   3          /* --- STC 1T Series MCU Demo Programme -------------------------------*/
   4          /* --- Mobile: (86)13922805190 ----------------------------------------*/
   5          /* --- Fax: 86-0513-55012956,55012947,55012969 ------------------------*/
   6          /* --- Tel: 86-0513-55012928,55012929,55012966 ------------------------*/
   7          /* --- Web: www.STCAI.com ---------------------------------------------*/
   8          /* --- BBS: www.STCAIMCU.com  -----------------------------------------*/
   9          /* --- QQ:  800003751 -------------------------------------------------*/
  10          /* 如果要在程序中使用此代码,请在程序中注明使用了STC的资料及程序            */
  11          /*---------------------------------------------------------------------*/
  12          
  13          #include  "Timer.h"
  14          
  15          int count = 0 ;
  16          
  17          //========================================================================
  18          // 函数: Timer0_ISR_Handler
  19          // 描述: Timer0中断函数.
  20          // 参数: none.
  21          // 返回: none.
  22          // 版本: V1.0, 2020-09-23
  23          //========================================================================
  24          void Timer0_ISR_Handler (void) interrupt TMR0_VECTOR    //进中断时已经清除标志
  25          {
  26   1        // TODO: 在此处添加用户代码
  27   1        // P67 = ~P67;
  28   1        
  29   1        // 因为我们设置的定时是1ms 触发一次，所以这个函数1ms就会调用一次
  30   1        // 在这里累加 count,来1000次，就相当于是时间过去了1s钟了
  31   1        count++;
  32   1        
  33   1        // 判定是否真的来了1000次，
  34   1        if(count==500){
  35   2          
  36   2          // 让LED灯变成它的另一种状态： 亮 ---> 灭 ， 灭 ----> 亮
  37   2          P53 = ~P53;
  38   2          
  39   2          //重置来的次数，归0.
  40   2          count = 0;
  41   2        }
  42   1        
  43   1      }
  44          
  45          //========================================================================
  46          // 函数: Timer1_ISR_Handler
  47          // 描述: Timer1中断函数.
  48          // 参数: none.
  49          // 返回: none.
  50          // 版本: V1.0, 2020-09-23
  51          //========================================================================
  52          void Timer1_ISR_Handler (void) interrupt TMR1_VECTOR    //进中断时已经清除标志
  53          {
  54   1        // TODO: 在此处添加用户代码
C51 COMPILER V9.60.7.0   TIMER_ISR                                                         06/01/2024 10:58:31 PAGE 2   

  55   1        P66 = ~P66;
  56   1      }
  57          
  58          //========================================================================
  59          // 函数: Timer2_ISR_Handler
  60          // 描述: Timer2中断函数.
  61          // 参数: none.
  62          // 返回: none.
  63          // 版本: V1.0, 2020-09-23
  64          //========================================================================
  65          void Timer2_ISR_Handler (void) interrupt TMR2_VECTOR    //进中断时已经清除标志
  66          {
  67   1        // TODO: 在此处添加用户代码
  68   1        P65 = ~P65;
  69   1      }
  70          
  71          //========================================================================
  72          // 函数: Timer3_ISR_Handler
  73          // 描述: Timer3中断函数.
  74          // 参数: none.
  75          // 返回: none.
  76          // 版本: V1.0, 2020-09-23
  77          //========================================================================
  78          void Timer3_ISR_Handler (void) interrupt TMR3_VECTOR    //进中断时已经清除标志
  79          {
  80   1        // TODO: 在此处添加用户代码
  81   1        P64 = ~P64;
  82   1      }
  83          
  84          //========================================================================
  85          // 函数: Timer4_ISR_Handler
  86          // 描述: Timer4中断函数.
  87          // 参数: none.
  88          // 返回: none.
  89          // 版本: V1.0, 2020-09-23
  90          //========================================================================
  91          void Timer4_ISR_Handler (void) interrupt TMR4_VECTOR    //进中断时已经清除标志
  92          {
  93   1        // TODO: 在此处添加用户代码
  94   1        P63 = ~P63;
  95   1      }


MODULE INFORMATION:   STATIC OVERLAYABLE
   CODE SIZE        =     45    ----
   CONSTANT SIZE    =   ----    ----
   XDATA SIZE       =   ----    ----
   PDATA SIZE       =   ----    ----
   DATA SIZE        =      2    ----
   IDATA SIZE       =   ----    ----
   BIT SIZE         =   ----    ----
END OF MODULE INFORMATION.


C51 COMPILATION COMPLETE.  0 WARNING(S),  0 ERROR(S)
